Python errors:

x forgetting len() in range
x missing return
x missing base case in recursion
x missing entry point in program
* missing imports
x forgetting lists are references
x trying to modify a string (a[0] = 'c' is not valid for strings)
* off by one errors
x accessing dict key before it's created
* deleting key from dict during iteration
* true/false (instead of True/False)
x instantiating classes (vs. calling class methods)
* missing if/else clauses that don't cover all cases
x missing / extra parameters
* double equals vs equals
x infinite recursion (no base case)
x forgetting quotes in strings, like a = mystring

* shadowed variables
x slice bounds (implement strstr?)
x index out of bound error

Class:

x class (and using self properly: in definition and calling site)
* class inheritance (properly inheriting)
* missing super() calls in __init__


Example programs to fix:

* checking if number is prime
x checking palindrome
x sum numbers in array
x find max number in array
* two sum
